---
source: tui/src/status/tests.rs
assertion_line: 410
expression: rendered
---
/status

╭──────────────────────────────────────────────────────────────────────────────╮
│  >_ OpenAI Codex (v0.0.0)                                                    │
│                                                                              │
│ Visit https://chatgpt.com/codex/settings/usage for up-to-date                │
│ information on rate limits and credits                                       │
│                                                                              │
│  Model:                       gpt-6-astra (reasoning none, summaries auto)   │
│  Directory: [[workspace]]                                                    │
│  Permissions:                 Custom (workspace with network access, Ask for │
│  Agents.md:                   <none>                                         │
│                                                                              │
│  Token usage:                 0 total  (0 input + 0 output)                  │
│  Limits:                      data not available yet                         │
│  Session local analysis:      2 jobs · 2.00 MiB raw → 0.12 MiB evidence      │
│  Cloud analysis input:        524K raw → 32.8K forwarded                     │
│  Cloud input avoided:         492K (approximate)                             │
│  Session coordinator usage:   2 calls · 2.7K in · 300 out (local)            │
╰──────────────────────────────────────────────────────────────────────────────╯
