---
source: tui/src/chatwidget/background_command_panel_tests.rs
expression: rendered(&buffer)
---
                                        ┌Background commands (2)───────────────┐
                                        │first command                         │
                                        │first command output                  │
                                        │second command                        │
                                        │second command output                 │
                                        │                                      │
                                        │                                      │
                                        │                                      │
                                        │                                      │
                                        └──────────────────────────────────────┘
